\! gs_ktool -d all
DELETE ALL

\! gs_ktool -g
GENERATE
1
DROP CLIENT MASTER KEY IF EXISTS MyCMK CASCADE;
NOTICE:  global setting "mycmk" does not exist
-- CHECK SCHEMA PRIVILEGES
SELECT has_schema_privilege(session_user, current_schema, 'CREATE');
 has_schema_privilege 
----------------------
 t
(1 row)

SELECT has_schema_privilege(session_user, current_schema, 'USAGE');
 has_schema_privilege 
----------------------
 t
(1 row)

-- CHECK CMK PRIVILEGES
CREATE CLIENT MASTER KEY MyCMK WITH ( KEY_STORE = gs_ktool , KEY_PATH = "gs_ktool/1" , ALGORITHM = AES_256_CBC);
SELECT session_user, rolname from pg_roles join gs_client_global_keys on pg_roles.Oid = gs_client_global_keys.key_owner where gs_client_global_keys.client_master_key_name = 'mycmk';
ERROR:  column gs_client_global_keys.client_master_key_name does not exist
LINE 1: ...roles.Oid = gs_client_global_keys.key_owner where gs_client_...
                                                             ^
SELECT has_cmk_privilege(session_user, 'MyCMK', 'USAGE');
 has_cmk_privilege 
-------------------
 t
(1 row)

-- CHECK CEK PRIVILEGES
CREATE COLUMN ENCRYPTION KEY MyCEK WITH VALUES (CLIENT_MASTER_KEY = MyCMK, ALGORITHM = AEAD_AES_256_CBC_HMAC_SHA256);
SELECT session_user, rolname from pg_roles join gs_column_keys on pg_roles.Oid = gs_column_keys.key_owner where gs_column_keys.column_encryption_key_name = 'mycek';
ERROR:  column gs_column_keys.column_encryption_key_name does not exist
LINE 1: ... on pg_roles.Oid = gs_column_keys.key_owner where gs_column_...
                                                             ^
SELECT has_cek_privilege(session_user, 'MyCEK', 'USAGE');
 has_cek_privilege 
-------------------
 t
(1 row)

DROP TABLE IF EXISTS acltest1;
NOTICE:  table "acltest1" does not exist, skipping
CREATE TABLE acltest1 (x int, x2 varchar(50) ENCRYPTED WITH (COLUMN_ENCRYPTION_KEY = MyCEK, ENCRYPTION_TYPE = DETERMINISTIC));
DROP TABLE acltest1;
DROP CLIENT MASTER KEY IF EXISTS MyCMK CASCADE;
NOTICE:  drop cascades to column setting: mycek
\! gs_ktool -d all
DELETE ALL
 1
