SELECT pg_delete_audit('1012-11-10', '3012-11-11');
 pg_delete_audit 
-----------------
 
(1 row)

SELECT detail_info FROM pg_query_audit('1012-11-10', '3012-11-11') WHERE type='internal_event';
                     detail_info                     
-----------------------------------------------------
 SELECT pg_delete_audit('1012-11-10', '3012-11-11');
(1 row)

CREATE ROLE noaudituser LOGIN PASSWORD 'jw8s0F4y';
SET ROLE noaudituser PASSWORD 'jw8s0F4y';
SELECT detail_info FROM pg_query_audit('1012-11-10', '3012-11-11') WHERE type='internal_event';
ERROR:  permission denied to query audit
SELECT pg_delete_audit('1012-11-10', '3012-11-11');
ERROR:  permission denied to delete audit
CONTEXT:  referenced column: pg_delete_audit
\c
DROP ROLE noaudituser;
