create role test_myrole001 with password "ttest@123";
create role test_myrole002 with sysadmin password "ttest@123";
set role test_myrole001  password "ttest@123";
alter role test_myrole002 SET maintenance_work_mem = 100000; 
ERROR:  Permission denied.
alter role test_myrole002 rename to temp_myrole;
ERROR:  Permission denied.
reset role;
drop role test_myrole001;
drop role test_myrole002;
