select ?- line '(1,2),(3,2)';
 ?column? 
----------
 t
(1 row)

select ?| line '(1,2),(3,2)';
 ?column? 
----------
 f
(1 row)

select line '(1,2),(3,2)' ## lseg '(1,2),(3,2)';
 ?column? 
----------
 (3,2)
(1 row)

select line '(1,2),(3,2)' ## box '(1,1),(2,2)';
ERROR:  function "close_lb" not implemented
select ## line '(1,2),(3,2)';
ERROR:  operator does not exist: ## line
LINE 1: select ## line '(1,2),(3,2)';
               ^
HINT:  No operator matches the given name and argument type(s). You might need to add explicit type casts.
select ## line '(1,2),(3,2)';
ERROR:  operator does not exist: ## line
LINE 1: select ## line '(1,2),(3,2)';
               ^
HINT:  No operator matches the given name and argument type(s). You might need to add explicit type casts.
select line '(1,2),(3,2)' <-> box '(1,1),(2,2)';
ERROR:  function "dist_lb" not implemented
select point '1,2' <-> line '(1,2),(3,2)';
 ?column? 
----------
        0
(1 row)

select lseg '(1,2),(3,2)' <->  line '(1,2),(3,2)';
 ?column? 
----------
        0
(1 row)

select line '(1,2),(3,2)' <->  line '(1,2),(3,2)';
 ?column? 
----------
        0
(1 row)

select line '(1,2),(3,2)' = line '(1,2),(3,2)';
 ?column? 
----------
 t
(1 row)

select line '(1,2),(3,2)' ?# line '(1,2),(3,2)';
 ?column? 
----------
 f
(1 row)

select line '(1,2),(3,2)' # line '(1,2),(3,2)';
 ?column? 
----------
 
(1 row)

select line '(1,2),(3,2)' ?|| line '(1,2),(3,2)';
 ?column? 
----------
 t
(1 row)

select line '(1,2),(3,2)' ?-| line '(1,2),(3,2)';
 ?column? 
----------
 f
(1 row)

select line '(1,2),(3,2)' ?# box '(1,1),(2,2)';
 ?column? 
----------
 t
(1 row)

select lseg '(1,2),(3,2)' ?# line '(1,2),(3,2)';
 ?column? 
----------
 f
(1 row)

select lseg '(1,2),(3,2)' @ line '(1,2),(3,2)';
 ?column? 
----------
 t
(1 row)

select lseg '(1,2),(3,2)' <@line '(1,2),(3,2)';
 ?column? 
----------
 t
(1 row)

select point '1,2' @ line '(1,2),(3,2)';
 ?column? 
----------
 t
(1 row)

select point '1,2' <@line '(1,2),(3,2)';
 ?column? 
----------
 t
(1 row)

