--
-- PUBLICATION
--
--- prepare
CREATE ROLE regress_publication_user LOGIN SYSADMIN PASSWORD 'Abcdef@123';
SET SESSION AUTHORIZATION 'regress_publication_user' PASSWORD 'Abcdef@123';
CREATE TABLE testpub_tbl1 (id int primary key, data text);
NOTICE:  CREATE TABLE / PRIMARY KEY will create implicit index "testpub_tbl1_pkey" for table "testpub_tbl1"
CREATE TABLE testpub_tbl2 (id int primary key, data text);
NOTICE:  CREATE TABLE / PRIMARY KEY will create implicit index "testpub_tbl2_pkey" for table "testpub_tbl2"
CREATE TABLE testpub_tbl3 (id int primary key, data text);
NOTICE:  CREATE TABLE / PRIMARY KEY will create implicit index "testpub_tbl3_pkey" for table "testpub_tbl3"
--- create publication
CREATE PUBLICATION testpub_default;
------ for all tables
CREATE PUBLICATION testpub_foralltables FOR ALL TABLES;
CREATE TABLE testpub_tbl4 (id int primary key, data text);
NOTICE:  CREATE TABLE / PRIMARY KEY will create implicit index "testpub_tbl4_pkey" for table "testpub_tbl4"
select pubname, tablename from pg_publication_tables where pubname='testpub_foralltables' AND tablename like 'testpub_%' order by tablename;
       pubname        |  tablename   
----------------------+--------------
 testpub_foralltables | testpub_tbl1
 testpub_foralltables | testpub_tbl2
 testpub_foralltables | testpub_tbl3
 testpub_foralltables | testpub_tbl4
(4 rows)

------ for only table testpub_tbl1
CREATE PUBLICATION testpub_only_tbl1 FOR TABLE ONLY testpub_tbl1;
select pubname, tablename from pg_publication_tables where pubname='testpub_only_tbl1';
      pubname      |  tablename   
-------------------+--------------
 testpub_only_tbl1 | testpub_tbl1
(1 row)

-- fail - already added
CREATE PUBLICATION testpub_only_tbl1 FOR TABLE testpub_tbl1;
ERROR:  publication "testpub_only_tbl1" already exists
------ publish multi tables
CREATE PUBLICATION testpub_multitbls FOR TABLE testpub_tbl2, testpub_tbl3;
select pubname, tablename from pg_publication_tables where pubname='testpub_multitbls' order by tablename;
      pubname      |  tablename   
-------------------+--------------
 testpub_multitbls | testpub_tbl2
 testpub_multitbls | testpub_tbl3
(2 rows)

------ only insert
CREATE PUBLICATION testpub_only_insert with (publish='insert');
select pubname, puballtables, pubinsert, pubupdate, pubdelete from pg_publication where pubname='testpub_only_insert';
       pubname       | puballtables | pubinsert | pubupdate | pubdelete 
---------------------+--------------+-----------+-----------+-----------
 testpub_only_insert | f            | t         | f         | f
(1 row)

-- fail - view
CREATE VIEW testpub_view AS SELECT 1;
CREATE PUBLICATION testpub_pubview FOR TABLE testpub_view;
ERROR:  "testpub_view" is not a table
DETAIL:  Only tables can be added to publications.
------ cascade
------ CREATE PUBLICATION testpub_cascade_tbl1 FOR TABLE testpub_tbl1 *;
------ CREATE TABLE testpub_tbl1cas (num int, id int REFERENCES testpub_tbl1(id));
------ select relname from pg_class where oid in (select pg_get_publication_tables('testpub_cascade_tbl1'));
------ select pubname, tablename from pg_publication_tables where pubname='testpub_cascade_tbl1';
--- alter publication
------ add table
ALTER PUBLICATION testpub_default ADD TABLE testpub_tbl1;
select pubname, tablename from pg_publication_tables where pubname='testpub_default';
     pubname     |  tablename   
-----------------+--------------
 testpub_default | testpub_tbl1
(1 row)

-- fail - already added
ALTER PUBLICATION testpub_only_tbl1 ADD TABLE testpub_tbl1;
ERROR:  relation "testpub_tbl1" is already member of publication "testpub_only_tbl1"
------ set table
ALTER PUBLICATION testpub_default SET TABLE testpub_tbl2;
select pubname, tablename from pg_publication_tables where pubname='testpub_default';
     pubname     |  tablename   
-----------------+--------------
 testpub_default | testpub_tbl2
(1 row)

------ drop table
ALTER PUBLICATION testpub_multitbls DROP TABLE ONLY testpub_tbl2;
select pubname, tablename from pg_publication_tables where pubname='testpub_multitbls';
      pubname      |  tablename   
-------------------+--------------
 testpub_multitbls | testpub_tbl3
(1 row)

------ SET (parameter xxx)
ALTER PUBLICATION testpub_default SET (publish='insert, delete');
SELECT pubname, puballtables, pubinsert, pubupdate, pubdelete FROM pg_publication WHERE pubname='testpub_default';
     pubname     | puballtables | pubinsert | pubupdate | pubdelete 
-----------------+--------------+-----------+-----------+-----------
 testpub_default | f            | t         | f         | t
(1 row)

-- fail - can't add to for all tables publication
ALTER PUBLICATION testpub_foralltables ADD TABLE testpub_tbl2;
ERROR:  publication "testpub_foralltables" is defined as FOR ALL TABLES
DETAIL:  Tables cannot be added to or dropped from FOR ALL TABLES publications.
-- fail - can't drop from all tables publication
ALTER PUBLICATION testpub_foralltables DROP TABLE testpub_tbl2;
ERROR:  publication "testpub_foralltables" is defined as FOR ALL TABLES
DETAIL:  Tables cannot be added to or dropped from FOR ALL TABLES publications.
-- fail - can't add to for all tables publication
ALTER PUBLICATION testpub_foralltables SET TABLE pub_test.testpub_nopk;
ERROR:  publication "testpub_foralltables" is defined as FOR ALL TABLES
DETAIL:  Tables cannot be added to or dropped from FOR ALL TABLES publications.
--- drop testpub_tbl1
DROP TABLE testpub_tbl1;
select pubname, tablename from pg_publication_tables where tablename='testpub_tbl1';
 pubname | tablename 
---------+-----------
(0 rows)

--- drop publication
DROP PUBLICATION testpub_foralltables;
select * from pg_publication where pubname='testpub_foralltables';
 pubname | pubowner | puballtables | pubinsert | pubupdate | pubdelete 
---------+----------+--------------+-----------+-----------+-----------
(0 rows)

DROP PUBLICATION IF EXISTS testpub_nonexists;
NOTICE:  publication "testpub_nonexists" does not exist, skipping, skipping
--- clean
DROP TABLE testpub_tbl2;
DROP TABLE testpub_tbl3;
DROP TABLE testpub_tbl4;
DROP VIEW testpub_view;
DROP PUBLICATION IF EXISTS testpub_default;
DROP PUBLICATION IF EXISTS testpub_only_tbl1;
DROP PUBLICATION IF EXISTS testpub_only_insert;
DROP PUBLICATION IF EXISTS testpub_multitbls;
--- DROP PUBLICATION IF EXISTS testpub_cascade_tbl1;
RESET SESSION AUTHORIZATION;
DROP ROLE regress_publication_user;
--- permission
CREATE ROLE normal_user LOGIN PASSWORD 'Abcdef@123';
SET SESSION AUTHORIZATION 'normal_user' PASSWORD 'Abcdef@123';
--- fail permission denied
create publication p1;
ERROR:  permission denied for database regression
DETAIL:  N/A
RESET SESSION AUTHORIZATION;
DROP ROLE normal_user;
