--include chinese
create table 华为(f int);
insert into 华为 values (1);
select * from 华为;
 f 
---
 1
(1 row)

\set HISTSIZE -1
\set HISTSIZE 30.5
\set HISTSIZE 0
\set HISTSIZE 6
\set HISTSIZE 500
\set HISTSIZE 600
\set HISTSIZE 66666666666666666666666600
\set HISTSIZE -666666666666666666666666666
