drop table if exists t000_t1;
NOTICE:  table "t000_t1" does not exist, skipping
create table t000_t1(f1 int, f2 int);
alter table t000_t1 set (append_mode=on, rel_cn_id=12345);
ERROR:  Alter-Table set append mode should have 'rel_cn_oid' set together
alter table t000_t1 set (append_mode=off);
ERROR:  Redistribution is not supported in single node
drop table if exists t000_t1;
